bKFzgxtATum4Gokbpc9Mvn_1	RS_GCF_000465555.2	100.0	53	0	0	1	53	54	106	4.2e-22	111.7
bKFzgxtATum4Gokbpc9Mvn_2	RS_GCF_000465555.2	100.0	72	0	0	1	72	1	72	4.5e-35	155.2
bKFzgxtATum4Gokbpc9Mvn_3	RS_GCF_000759475.1	99.9	733	1	0	1	733	1	733	0.0e+00	1466.4
Csv7g5PYndQLvBixAXQosq_1	RS_GCF_000759475.1	98.7	78	1	0	1	78	1	78	1.6e-41	176.8
Csv7g5PYndQLvBixAXQosq_2	RS_GCF_000465555.2	100.0	57	0	0	1	57	1	57	1.7e-24	119.8
Csv7g5PYndQLvBixAXQosq_3	RS_GCF_000759475.1	100.0	62	0	0	1	62	1	62	3.7e-25	122.1
Csv7g5PYndQLvBixAXQosq_4	RS_GCF_000759475.1	99.5	216	1	0	49	264	1	216	2.9e-111	410.2
Csv7g5PYndQLvBixAXQosq_5	RS_GCF_000759475.1	99.4	697	4	0	1	697	1	697	0.0e+00	1369.0
BVSMJYhSVdrF3Zny8DhJpa_1	RS_GCF_000773965.1	99.8	437	1	0	1	437	1	437	9.2e-240	837.8
BVSMJYhSVdrF3Zny8DhJpa_2	RS_GCF_000773965.1	96.9	669	21	0	1	669	1	669	0.0e+00	1261.5
cStyjtCDJtDcAwovSPa4ee_1	RS_GCF_000759475.1	100.0	59	0	0	1	59	239	297	3.4e-28	132.1
cStyjtCDJtDcAwovSPa4ee_2	RS_GCF_000773965.1	98.4	377	6	0	1	377	1	377	3.4e-214	752.7
cStyjtCDJtDcAwovSPa4ee_3	RS_GCF_000773965.1	98.0	592	12	0	1	592	1	592	0.0e+00	1199.1
cStyjtCDJtDcAwovSPa4ee_4	RS_GCF_000773965.1	99.6	232	1	0	1	232	1	232	2.0e-124	453.8
cStyjtCDJtDcAwovSPa4ee_5	RS_GCF_000773965.1	99.6	451	2	0	2	452	1	451	1.4e-251	877.1
nMFMRHijApJMr2N9TB6uAz_1	RS_GCF_000773965.1	98.1	161	3	0	1	161	1	161	7.2e-81	308.5
nMFMRHijApJMr2N9TB6uAz_2	RS_GCF_000759475.1	99.0	302	3	0	1	302	1	302	3.7e-163	582.8
nMFMRHijApJMr2N9TB6uAz_3	RS_GCF_000759475.1	99.7	342	1	0	1	342	1	342	1.1e-184	654.4
nMFMRHijApJMr2N9TB6uAz_4	RS_GCF_000759475.1	98.9	544	6	0	1	544	1	544	0.0e+00	1085.9
nMFMRHijApJMr2N9TB6uAz_5	RS_GCF_002095465.1	100.0	103	0	0	1	103	306	408	9.6e-55	221.1
ThisjEH9vCjShGHoA7v7Sh_1	RS_GCF_000759475.1	86.0	458	64	0	10	467	1	458	1.2e-205	724.5
ThisjEH9vCjShGHoA7v7Sh_2	RS_GCF_000759475.1	98.8	338	4	0	1	338	1	338	2.6e-197	696.4
ThisjEH9vCjShGHoA7v7Sh_3	RS_GCF_000759475.1	100.0	109	0	0	1	109	1	109	1.7e-54	220.3
ThisjEH9vCjShGHoA7v7Sh_4	RS_GCF_000759475.1	70.5	61	18	0	1	61	1	61	2.8e-09	69.3
fygJKXMpxX2XdAH2ZMkryg_1	RS_GCF_000773965.1	94.2	1112	65	0	1	1112	315	1426	0.0e+00	2053.5
VBWyXpSNVDGPkNYnunkKFt_1	RS_GCF_900068845.1	91.9	223	18	0	1	223	77	299	1.5e-113	417.5
VBWyXpSNVDGPkNYnunkKFt_2	RS_GCF_000773965.1	98.0	406	8	0	1	406	1	406	4.3e-223	782.3
VBWyXpSNVDGPkNYnunkKFt_3	RS_GCF_000773965.1	98.7	234	3	0	1	234	1	234	9.9e-124	451.4
VBWyXpSNVDGPkNYnunkKFt_4	RS_GCF_000773965.1	98.7	457	6	0	1	457	1	457	6.4e-244	851.7
VBWyXpSNVDGPkNYnunkKFt_5	GB_GCA_002434205.1	100.0	63	0	0	1	63	317	379	4.7e-28	131.7
V34PwxkdxVRAczZHQbcTQj_1	RS_GCF_000773965.1	98.6	421	6	0	1	421	1	421	2.4e-221	776.5
V34PwxkdxVRAczZHQbcTQj_2	RS_GCF_002095465.1	90.8	611	56	0	1	611	1	611	1.8e-289	1003.4
V34PwxkdxVRAczZHQbcTQj_3	RS_GCF_000773965.1	97.6	164	4	0	1	164	51	214	3.1e-79	303.1
iKZAtZpgqSgueZrWUahD5Q_1	RS_GCF_000773965.1	98.6	287	4	0	1	287	1	287	3.9e-154	552.7
iKZAtZpgqSgueZrWUahD5Q_2	RS_GCF_000773965.1	99.1	228	2	0	1	228	1	228	1.0e-133	484.6
iKZAtZpgqSgueZrWUahD5Q_3	RS_GCF_000759475.1	99.4	313	2	0	1	313	1	313	9.7e-167	594.7
iKZAtZpgqSgueZrWUahD5Q_4	RS_GCF_000773965.1	100.0	267	0	0	1	267	62	328	2.0e-136	493.8
QBdenJrZacdSFnBwesGutE_1	RS_GCF_000759475.1	100.0	117	0	0	1	117	1	117	5.6e-59	235.3
QBdenJrZacdSFnBwesGutE_2	RS_GCF_000759475.1	98.4	122	2	0	1	122	1	122	1.5e-59	237.3
QBdenJrZacdSFnBwesGutE_3	RS_GCF_000759475.1	90.5	199	19	0	1	199	1	199	4.8e-87	329.3
QBdenJrZacdSFnBwesGutE_4	RS_GCF_000759475.1	98.5	274	4	0	1	274	1	274	1.0e-156	561.2
QBdenJrZacdSFnBwesGutE_5	RS_GCF_000759475.1	98.9	348	4	0	1	348	1	348	4.4e-192	679.1
QBdenJrZacdSFnBwesGutE_6	RS_GCF_000759475.1	99.4	181	1	0	1	181	1	181	1.5e-103	384.0
QBdenJrZacdSFnBwesGutE_7	RS_GCF_000759475.1	100.0	100	0	0	1	100	1	100	1.7e-48	200.3
cM79ypRtf2SfxVKQDfrPg2_1	RS_GCF_000773965.1	98.8	84	1	0	17	100	1	84	4.4e-36	159.1
cM79ypRtf2SfxVKQDfrPg2_2	RS_GCF_000773965.1	91.2	861	12	1	1	797	1	861	0.0e+00	1565.4
TGbXBZS47patKk8PQqxkQm_2	RS_GCF_000759475.1	96.7	91	3	0	1	91	1	91	5.5e-38	165.2
TGbXBZS47patKk8PQqxkQm_3	RS_GCF_000759475.1	98.9	563	6	0	1	563	1	563	5.6e-306	1058.1
TGbXBZS47patKk8PQqxkQm_4	RS_GCF_000773965.1	99.5	211	1	0	1	211	1	211	1.5e-107	397.5
8AzLSRzqkdmknL7xRUQg86_1	RS_GCF_000759475.1	100.0	165	0	0	1	165	1	165	8.7e-82	311.6
8AzLSRzqkdmknL7xRUQg86_2	RS_GCF_000773965.1	99.1	892	8	0	1	892	1	892	0.0e+00	1718.4
8AzLSRzqkdmknL7xRUQg86_3	RS_GCF_000773965.1	100.0	152	0	0	1	152	40	191	1.2e-74	287.7
5vKKPbUZ5gVFmJwpomSUeq_1	RS_GCF_000773965.1	100.0	397	0	0	1	397	1	397	1.9e-207	730.3
5vKKPbUZ5gVFmJwpomSUeq_2	RS_GCF_000773965.1	99.2	363	3	0	1	363	1	363	1.4e-201	710.7
5vKKPbUZ5gVFmJwpomSUeq_3	RS_GCF_000759475.1	85.9	64	9	0	1	64	1	64	1.4e-20	107.1
5vKKPbUZ5gVFmJwpomSUeq_4	RS_GCF_000773965.1	97.5	197	5	0	1	197	1	197	1.4e-110	407.5
5vKKPbUZ5gVFmJwpomSUeq_5	RS_GCF_000773965.1	98.1	539	10	0	1	539	1	539	2.1e-302	1046.2
Ttz3inmZmn8dWn9q4Q3tZa_2	RS_GCF_002095475.1	95.5	313	14	0	1	313	1	313	3.1e-173	616.3
Ttz3inmZmn8dWn9q4Q3tZa_3	RS_GCF_000759475.1	100.0	231	0	0	1	231	1	231	3.1e-133	483.0
Ttz3inmZmn8dWn9q4Q3tZa_4	RS_GCF_000773965.1	98.9	187	2	0	1	187	1	187	1.2e-100	374.4
Ttz3inmZmn8dWn9q4Q3tZa_5	RS_GCF_000773965.1	96.9	454	14	0	1	454	1	454	2.0e-253	883.2
Ttz3inmZmn8dWn9q4Q3tZa_6	RS_GCF_000773965.1	100.0	295	0	0	1	295	1	295	6.6e-157	562.0
Ttz3inmZmn8dWn9q4Q3tZa_7	RS_GCF_001506165.1	96.0	198	8	0	1	198	1	198	3.8e-108	399.4
ZwNRL95gCZEa6vEkkYWWty_1	RS_GCF_000759475.1	100.0	33	0	0	1	33	372	404	2.9e-13	81.6
ZwNRL95gCZEa6vEkkYWWty_2	RS_GCF_000759475.1	98.5	1305	20	0	1	1305	1	1305	0.0e+00	2534.2
ZwNRL95gCZEa6vEkkYWWty_3	RS_GCF_002095465.1	99.2	266	2	0	1	266	1	266	8.0e-146	525.0
NwqCNJN4JTpN8aGPmtVRJ2_1	RS_GCF_000773965.1	99.4	327	2	0	2	328	1	327	6.2e-180	638.6
NwqCNJN4JTpN8aGPmtVRJ2_2	RS_GCF_000773965.1	97.8	314	7	0	1	314	1	314	2.0e-172	613.6
NwqCNJN4JTpN8aGPmtVRJ2_3	RS_GCF_000773965.1	98.6	139	2	0	1	139	1	139	1.4e-69	270.8
NwqCNJN4JTpN8aGPmtVRJ2_4	RS_GCF_000773965.1	99.4	169	1	0	1	169	1	169	1.0e-85	324.7
DAoPZxs2mwHMYj8sNHCsEU_1	RS_GCF_000759475.1	98.2	110	2	0	1	110	197	306	8.7e-54	218.0
DAoPZxs2mwHMYj8sNHCsEU_2	RS_GCF_000773965.1	97.1	343	10	0	1	343	1	343	3.5e-186	659.4
DAoPZxs2mwHMYj8sNHCsEU_3	RS_GCF_000773965.1	99.7	301	1	0	1	301	1	301	5.5e-167	595.5
AavzajkiEigDMaPZMF2wbZ_1	RS_GCF_002095465.1	98.7	75	1	0	1	75	4	78	1.4e-39	170.2
AavzajkiEigDMaPZMF2wbZ_2	RS_GCF_000759475.1	100.0	88	0	0	1	88	1	88	2.1e-43	183.3
AavzajkiEigDMaPZMF2wbZ_3	RS_GCF_000759475.1	100.0	397	0	0	1	397	1	397	9.9e-225	787.7
AavzajkiEigDMaPZMF2wbZ_4	RS_GCF_000759475.1	98.5	262	4	0	1	262	1	262	1.8e-142	513.8
AavzajkiEigDMaPZMF2wbZ_5	GB_GCA_001686385.1	100.0	61	0	0	1	61	492	552	1.0e-24	120.6
8eXNq2DpK2yc3eaHucpUvT_1	RS_GCF_000759475.1	100.0	131	0	0	1	131	1	131	6.9e-66	258.5
8eXNq2DpK2yc3eaHucpUvT_2	RS_GCF_000759475.1	99.1	324	3	0	1	324	1	324	4.1e-184	652.5
8eXNq2DpK2yc3eaHucpUvT_3	RS_GCF_000773965.1	100.0	299	0	0	1	299	1	299	3.8e-160	572.8
8eXNq2DpK2yc3eaHucpUvT_4	RS_GCF_000759475.1	99.2	509	4	0	1	509	1	509	3.1e-279	969.1
8eXNq2DpK2yc3eaHucpUvT_5	RS_GCF_000773965.1	98.6	210	3	0	1	210	1	210	8.6e-119	434.9
bRXebEbNZFg3QfabXvar8K_1	RS_GCF_000759475.1	100.0	366	0	0	1	366	87	452	1.1e-198	701.0
bRXebEbNZFg3QfabXvar8K_2	RS_GCF_000773965.1	99.6	254	1	0	1	254	1	254	2.2e-132	480.3
bRXebEbNZFg3QfabXvar8K_3	RS_GCF_001506165.1	99.0	303	3	0	1	303	1	303	1.7e-155	557.4
bRXebEbNZFg3QfabXvar8K_4	RS_GCF_000773965.1	99.0	420	4	0	1	420	1	420	6.1e-233	815.1
bRXebEbNZFg3QfabXvar8K_5	RS_GCF_000773965.1	100.0	209	0	0	1	209	1	209	1.3e-114	421.0
bRXebEbNZFg3QfabXvar8K_6	RS_GCF_000773965.1	97.8	93	2	0	1	93	1	93	9.0e-44	184.5
oRwKPPeji9qUkwP2BWCEgh_1	RS_GCF_000710035.1	100.0	24	0	0	1	24	307	330	2.0e-03	48.5
oRwKPPeji9qUkwP2BWCEgh_2	RS_GCF_000759475.1	100.0	350	0	0	1	350	1	350	1.2e-181	644.4
oRwKPPeji9qUkwP2BWCEgh_3	RS_GCF_002095475.1	100.0	231	0	0	1	231	1	231	2.9e-128	466.5
oRwKPPeji9qUkwP2BWCEgh_4	RS_GCF_002095475.1	99.0	298	3	0	1	298	1	298	9.0e-170	604.7
oRwKPPeji9qUkwP2BWCEgh_5	RS_GCF_000773965.1	97.8	230	5	0	1	230	1	230	2.0e-121	443.7
hM6LCK6RkUxdRX7jmvpjgU_1	RS_GCF_000773965.1	99.6	249	1	0	1	249	1	249	6.4e-129	468.8
hM6LCK6RkUxdRX7jmvpjgU_2	RS_GCF_000773965.1	99.2	241	2	0	1	241	1	241	1.9e-130	473.8
hM6LCK6RkUxdRX7jmvpjgU_3	RS_GCF_000759475.1	99.7	585	2	0	1	585	1	585	0.0e+00	1187.9
6Z3CiVx6pgTJ44riCqe5bK_1	RS_GCF_000773965.1	99.3	149	1	0	1	149	1	149	2.4e-75	290.0
6Z3CiVx6pgTJ44riCqe5bK_2	RS_GCF_000773965.1	99.7	689	2	0	1	689	346	1034	0.0e+00	1263.1
WFp72et3r6dEJpsdxPrHQY_1	RS_GCF_006494415.1	100.0	38	0	0	1	38	281	318	9.8e-13	80.1
WFp72et3r6dEJpsdxPrHQY_2	RS_GCF_000773965.1	98.7	382	5	0	1	382	1	382	5.3e-215	755.4
WFp72et3r6dEJpsdxPrHQY_3	RS_GCF_000759475.1	98.1	263	5	0	1	263	1	263	2.6e-136	493.4
WFp72et3r6dEJpsdxPrHQY_4	RS_GCF_000759475.1	99.6	264	1	0	15	278	1	264	7.6e-139	501.9
WFp72et3r6dEJpsdxPrHQY_5	RS_GCF_000773965.1	96.6	348	12	0	1	348	525	872	1.4e-185	657.5
F8AGv68pkWmVyzYTYFCT4Z_1	RS_GCF_000759475.1	100.0	95	0	0	2	96	226	320	1.9e-44	186.8
F8AGv68pkWmVyzYTYFCT4Z_2	RS_GCF_000773965.1	98.9	284	3	0	1	284	1	284	1.2e-147	531.2
F8AGv68pkWmVyzYTYFCT4Z_3	RS_GCF_000773965.1	98.1	262	5	0	1	262	1	262	3.1e-142	513.1
F8AGv68pkWmVyzYTYFCT4Z_4	RS_GCF_000773965.1	99.5	222	1	0	1	222	1	222	3.4e-121	443.0
F8AGv68pkWmVyzYTYFCT4Z_5	RS_GCF_002095465.1	96.1	51	2	0	1	51	43	93	2.9e-20	105.5
VU6g9YVJ3eTHgKq7KuWFFF_1	RS_GCF_000759475.1	99.2	241	2	0	1	241	1	241	4.9e-126	459.1
VU6g9YVJ3eTHgKq7KuWFFF_2	RS_GCF_000773965.1	98.8	332	4	0	1	332	1	332	5.3e-179	635.6
VU6g9YVJ3eTHgKq7KuWFFF_3	RS_GCF_000773965.1	98.9	354	4	0	1	354	1	354	2.1e-194	686.8
VU6g9YVJ3eTHgKq7KuWFFF_4	RS_GCF_000773965.1	98.1	207	4	0	1	207	1	207	2.5e-110	406.8
baiMvc93P6Btp3gxGejCsz_1	RS_GCF_000759475.1	100.0	27	0	0	1	27	310	336	1.8e-05	55.5
baiMvc93P6Btp3gxGejCsz_2	RS_GCF_000759475.1	100.0	312	0	0	1	312	1	312	4.1e-173	615.9
baiMvc93P6Btp3gxGejCsz_3	RS_GCF_000773965.1	100.0	155	0	0	1	155	1	155	6.7e-84	318.5
baiMvc93P6Btp3gxGejCsz_4	RS_GCF_000759475.1	100.0	129	0	0	1	129	1	129	2.3e-61	243.4
baiMvc93P6Btp3gxGejCsz_5	RS_GCF_001506165.1	97.7	88	2	0	1	88	708	795	2.0e-37	163.3
cN4jTXWPzvG4H2ffqG8HtL_1	RS_GCF_000759475.1	97.6	698	17	0	1	698	1	698	0.0e+00	1325.1
cN4jTXWPzvG4H2ffqG8HtL_2	RS_GCF_000759475.1	99.4	533	3	0	1	533	1	533	1.6e-294	1020.0
cN4jTXWPzvG4H2ffqG8HtL_3	RS_GCF_000759475.1	99.6	256	1	0	1	256	1	256	4.1e-139	502.7
cN4jTXWPzvG4H2ffqG8HtL_4	RS_GCF_000773965.1	99.2	126	1	0	1	126	88	213	1.1e-68	267.7
gKdWBMpoAP6yhYo9SKaamQ_1	RS_GCF_000773965.1	95.6	181	8	0	1	181	1	181	3.1e-88	333.2
gKdWBMpoAP6yhYo9SKaamQ_2	RS_GCF_000759475.1	99.8	1148	2	0	1	1148	1	1148	0.0e+00	2273.0
gKdWBMpoAP6yhYo9SKaamQ_3	RS_GCF_000773965.1	100.0	70	0	0	1	70	1	70	6.4e-34	151.4
SQMQztbuhzJewq7oVcK4rG_1	RS_GCF_000773965.1	98.5	339	5	0	1	339	1	339	1.1e-200	707.6
SQMQztbuhzJewq7oVcK4rG_2	RS_GCF_000773965.1	99.2	487	4	0	1	487	1	487	1.4e-268	933.7
SQMQztbuhzJewq7oVcK4rG_3	RS_GCF_000759475.1	99.6	499	2	0	3	501	1	499	8.5e-282	977.6
SQMQztbuhzJewq7oVcK4rG_4	RS_GCF_000773965.1	100.0	311	0	0	1	311	1	311	2.0e-164	587.0
P2HVpHcSLrWpAZx7TScoyx_1	RS_GCF_000759475.1	100.0	78	0	0	1	78	221	298	1.2e-36	160.6
P2HVpHcSLrWpAZx7TScoyx_2	RS_GCF_000759475.1	100.0	427	0	0	1	427	1	427	5.8e-239	835.1
P2HVpHcSLrWpAZx7TScoyx_3	RS_GCF_000773965.1	97.8	490	11	0	1	490	13	502	7.6e-275	954.5
P2HVpHcSLrWpAZx7TScoyx_4	RS_GCF_000759475.1	96.1	254	10	0	1	254	210	463	6.1e-135	488.8
C7AzP3QQbWtjAa7QHeQMBK_1	RS_GCF_000773965.1	98.9	853	9	0	1	853	1	853	0.0e+00	1766.9
C7AzP3QQbWtjAa7QHeQMBK_2	RS_GCF_002095305.1	93.8	32	2	0	1	32	1	32	3.1e-06	58.5
4wWpRq2F5wiNgzkyarfWJ8_1	RS_GCF_000759475.1	98.5	271	4	0	1	271	1	271	3.1e-153	549.7
4wWpRq2F5wiNgzkyarfWJ8_2	RS_GCF_000759475.1	99.4	532	3	0	1	532	1	532	4.0e-306	1058.5
4wWpRq2F5wiNgzkyarfWJ8_3	RS_GCF_000759475.1	100.0	337	0	0	1	337	1	337	1.2e-181	644.4
4wWpRq2F5wiNgzkyarfWJ8_4	RS_GCF_000175935.2	100.0	26	0	0	1	26	1	26	1.4e-07	62.4
egMyfnufEtsEBZhqQdDJUv_1	RS_GCF_000759475.1	98.2	222	4	0	1	222	1	222	1.6e-123	450.7
egMyfnufEtsEBZhqQdDJUv_2	RS_GCF_000759475.1	99.0	198	2	0	1	198	1	198	2.8e-103	383.3
egMyfnufEtsEBZhqQdDJUv_3	RS_GCF_000759475.1	100.0	185	0	0	1	185	1	185	7.9e-92	345.1
egMyfnufEtsEBZhqQdDJUv_4	RS_GCF_000759475.1	99.6	236	1	0	4	239	1	236	2.4e-125	456.8
2ertGXXSU5MoadhZkAqMAT_1	RS_GCF_000773965.1	98.9	820	9	0	1	820	28	847	0.0e+00	1650.2
2ertGXXSU5MoadhZkAqMAT_2	RS_GCF_000759475.1	100.0	70	0	0	1	70	1	70	2.7e-32	146.0
exfiKL26nbJc8ZFaqmEHHb_1	RS_GCF_000773965.1	98.6	209	3	0	1	209	199	407	3.3e-110	406.4
exfiKL26nbJc8ZFaqmEHHb_2	RS_GCF_000759475.1	99.1	344	3	0	1	344	1	344	1.4e-195	690.6
exfiKL26nbJc8ZFaqmEHHb_3	RS_GCF_000759475.1	99.4	489	3	0	1	489	1	489	3.5e-280	972.2
exfiKL26nbJc8ZFaqmEHHb_4	RS_GCF_000759475.1	99.7	321	1	0	1	321	1	321	1.3e-177	630.9
UZA82P2LxPDrjWc34SGFYE_1	RS_GCF_000773965.1	98.7	307	4	0	1	307	1	307	1.5e-167	597.4
UZA82P2LxPDrjWc34SGFYE_2	RS_GCF_000773965.1	99.0	492	5	0	1	492	1	492	6.2e-277	961.4
UZA82P2LxPDrjWc34SGFYE_3	RS_GCF_000759475.1	98.6	353	5	0	1	353	1	353	1.7e-196	693.7
UZA82P2LxPDrjWc34SGFYE_4	RS_GCF_000465555.2	100.0	92	0	0	1	92	314	405	3.2e-41	176.0
Uee66hb6Aj3JzNHbnEjTTR_1	RS_GCF_000759475.1	100.0	440	0	0	37	476	1	440	3.4e-248	865.9
Uee66hb6Aj3JzNHbnEjTTR_2	RS_GCF_000759475.1	99.1	318	3	0	1	318	1	318	3.7e-174	619.4
Uee66hb6Aj3JzNHbnEjTTR_3	RS_GCF_000759475.1	99.7	295	1	0	1	295	1	295	2.6e-161	576.6
Uee66hb6Aj3JzNHbnEjTTR_4	RS_GCF_000759475.1	99.7	383	1	0	1	383	1	383	2.5e-209	736.5
Uee66hb6Aj3JzNHbnEjTTR_5	RS_GCF_000773965.1	99.5	384	2	0	1	384	1	384	5.5e-204	718.8
DMLuaMjvxTGsoXGacuDpn3_1	RS_GCF_004792415.1	99.8	476	1	0	1	476	18	493	3.2e-270	939.1
DMLuaMjvxTGsoXGacuDpn3_2	RS_GCF_004792415.1	97.4	307	8	0	1	307	1	307	4.4e-164	585.9
DMLuaMjvxTGsoXGacuDpn3_3	RS_GCF_004792415.1	100.0	275	0	0	1	275	1	275	7.8e-152	545.0
DMLuaMjvxTGsoXGacuDpn3_4	RS_GCF_001598475.1	100.0	419	0	0	1	419	1	419	4.1e-237	828.9
DMLuaMjvxTGsoXGacuDpn3_5	RS_GCF_000439375.1	99.0	385	4	0	1	385	1	385	6.3e-208	731.9
7eHVjnhkAxpgYYC4Amr9tA_1	RS_GCF_000759475.1	100.0	102	0	0	1	102	1	102	4.7e-46	192.2
7eHVjnhkAxpgYYC4Amr9tA_2	RS_GCF_000773965.1	99.4	476	3	0	1	476	1	476	2.5e-262	912.9
7eHVjnhkAxpgYYC4Amr9tA_3	RS_GCF_000773965.1	100.0	315	0	0	1	315	639	953	1.7e-179	637.1
Tp3CVaqx5uQiJmxiUc4BQc_1	RS_GCF_000759475.1	99.2	362	3	0	1	362	1	362	5.0e-199	702.2
Tp3CVaqx5uQiJmxiUc4BQc_2	RS_GCF_000759475.1	98.8	320	4	0	1	320	1	320	2.1e-185	656.8
Tp3CVaqx5uQiJmxiUc4BQc_3	RS_GCF_000759475.1	99.3	299	2	0	1	299	1	299	1.6e-166	594.0
Tp3CVaqx5uQiJmxiUc4BQc_4	RS_GCF_000759475.1	99.8	508	1	0	1	508	3	510	4.4e-294	1018.5
SBMUYmHDMLDC8eedN5zmDm_1	RS_GCF_000759475.1	99.0	314	3	0	1	314	130	443	6.3e-182	645.2
SBMUYmHDMLDC8eedN5zmDm_2	RS_GCF_000759475.1	97.1	481	14	0	1	481	1	481	8.2e-266	924.5
SBMUYmHDMLDC8eedN5zmDm_3	RS_GCF_000759475.1	98.2	789	14	0	1	789	1	789	0.0e+00	1565.8
SBMUYmHDMLDC8eedN5zmDm_4	RS_GCF_000773965.1	98.9	261	3	0	1	261	1	261	3.0e-145	523.1
SBMUYmHDMLDC8eedN5zmDm_5	RS_GCF_000773965.1	99.4	533	3	0	1	533	1	533	7.6e-305	1054.3
gKH4DZRzCLeYkCuXvprMmG_1	RS_GCF_000773965.1	98.9	614	7	0	1	614	1	614	0.0e+00	1287.7
gKH4DZRzCLeYkCuXvprMmG_2	RS_GCF_002095475.1	97.7	349	8	0	1	349	381	729	4.7e-210	738.8
eRNoW7xNAWqk42h9upuiC8_1	RS_GCF_000773965.1	98.3	403	6	1	1	402	17	419	1.4e-202	714.1
eRNoW7xNAWqk42h9upuiC8_2	RS_GCF_002095465.1	95.8	450	19	0	1	450	1	450	1.9e-240	840.1
eRNoW7xNAWqk42h9upuiC8_3	RS_GCF_000759475.1	94.8	116	6	0	1	116	1	116	1.6e-50	207.2
eRNoW7xNAWqk42h9upuiC8_4	RS_GCF_000773965.1	98.2	222	4	0	1	222	1	222	8.0e-123	448.4
D64agu8qGYcRcoz2qXXugA_1	RS_GCF_002095465.1	97.9	194	4	0	1	194	233	426	5.9e-106	392.1
D64agu8qGYcRcoz2qXXugA_2	RS_GCF_000773965.1	99.8	466	1	0	1	466	65	530	1.7e-260	906.7
D64agu8qGYcRcoz2qXXugA_3	RS_GCF_000773965.1	97.7	393	9	0	1	393	1	393	1.0e-229	804.3
D64agu8qGYcRcoz2qXXugA_4	RS_GCF_000773965.1	100.0	269	0	0	1	269	1	269	9.3e-150	538.1
fo8duVBVxfWdms8DokgQKR_1	RS_GCF_000773965.1	99.1	677	6	0	1	677	1	677	0.0e+00	1303.9
fo8duVBVxfWdms8DokgQKR_2	RS_GCF_000773965.1	99.3	298	2	0	1	298	694	991	1.9e-167	597.0
T8VNdQvLsx2u2Rt64rLnJ2_1	RS_GCF_002095475.1	95.8	408	17	0	28	435	1	408	9.3e-208	731.5
T8VNdQvLsx2u2Rt64rLnJ2_2	RS_GCF_000773965.1	98.3	293	5	0	1	293	1	293	7.2e-156	558.5
T8VNdQvLsx2u2Rt64rLnJ2_3	RS_GCF_000773965.1	99.2	242	2	0	1	242	1	242	2.8e-137	496.5
T8VNdQvLsx2u2Rt64rLnJ2_4	RS_GCF_000773965.1	93.9	66	4	0	1	66	268	333	1.2e-26	127.1
D4oeagu2XMTFx4Bhi4ppB9_1	RS_GCF_000759475.1	100.0	183	0	0	1	183	1	183	5.8e-103	382.1
D4oeagu2XMTFx4Bhi4ppB9_2	RS_GCF_000759475.1	100.0	222	0	0	1	222	1	222	1.5e-113	417.5
D4oeagu2XMTFx4Bhi4ppB9_3	RS_GCF_000759475.1	99.5	217	1	0	1	217	1	217	3.9e-106	392.9
D4oeagu2XMTFx4Bhi4ppB9_4	RS_GCF_002095475.1	96.8	216	7	0	1	216	1	216	1.1e-113	417.9
D4oeagu2XMTFx4Bhi4ppB9_5	RS_GCF_000759475.1	100.0	211	0	0	1	211	1	211	3.9e-119	436.0
D4oeagu2XMTFx4Bhi4ppB9_6	RS_GCF_000759475.1	100.0	98	0	0	1	98	182	279	8.3e-48	198.0
kL8EEj5uz4cPLRxBCsoksG_1	RS_GCF_006438725.1	86.2	297	41	0	1	297	161	457	3.8e-144	519.6
kL8EEj5uz4cPLRxBCsoksG_2	RS_GCF_000773965.1	83.6	159	24	1	1	159	21	177	6.1e-65	255.8
kL8EEj5uz4cPLRxBCsoksG_3	RS_GCF_002976475.1	80.6	258	48	1	1	256	1	258	1.5e-120	441.0
kL8EEj5uz4cPLRxBCsoksG_4	RS_GCF_003612015.1	95.7	93	4	0	1	93	1	93	7.4e-46	191.4
kL8EEj5uz4cPLRxBCsoksG_5	RS_GCF_003612015.1	95.6	68	3	0	1	68	1	68	7.3e-27	127.9
oXUVwFRjE9Afs2RfmPDm6n_1	RS_GCF_000759475.1	98.9	1119	12	0	1	1119	64	1182	0.0e+00	2186.4
oXUVwFRjE9Afs2RfmPDm6n_2	RS_GCF_000759475.1	97.4	151	4	0	1	151	1	151	5.0e-76	292.4
SXBT2rSkrcnD4ftmUFY69a_1	RS_GCF_000759475.1	100.0	32	0	0	1	32	1	32	1.1e-09	69.7
SXBT2rSkrcnD4ftmUFY69a_2	RS_GCF_000773965.1	98.5	132	2	0	1	132	1	132	2.8e-67	263.1
SXBT2rSkrcnD4ftmUFY69a_3	RS_GCF_000759475.1	99.2	237	2	0	1	237	1	237	8.5e-131	474.9
SXBT2rSkrcnD4ftmUFY69a_4	RS_GCF_000759475.1	99.5	364	2	0	1	364	1	364	8.6e-207	728.0
SXBT2rSkrcnD4ftmUFY69a_5	RS_GCF_000759475.1	100.0	47	0	0	1	47	1	47	2.0e-15	89.4
hzWup3zaDMCRTEoc46FCwg_1	RS_GCF_000759475.1	98.3	632	11	0	1	632	1	632	0.0e+00	1241.1
hzWup3zaDMCRTEoc46FCwg_2	RS_GCF_000773965.1	98.7	312	4	0	1	312	337	648	1.5e-175	624.0
8noRzexnjSVjfaqCi5VZNb_1	RS_GCF_000759475.1	100.0	149	0	0	1	149	1	149	7.3e-72	278.5
8noRzexnjSVjfaqCi5VZNb_2	RS_GCF_000759475.1	99.3	144	1	0	1	144	1	144	1.1e-75	291.2
8noRzexnjSVjfaqCi5VZNb_3	RS_GCF_000759475.1	99.3	583	4	0	1	583	2	584	0.0e+00	1172.5
AJJEZDuLCaG3mnVcUieNaG_1	RS_GCF_000759475.1	99.7	721	2	0	1	721	1	721	0.0e+00	1444.9
AJJEZDuLCaG3mnVcUieNaG_2	RS_GCF_000759475.1	99.6	239	1	0	1	239	1	239	3.4e-135	489.6
AJJEZDuLCaG3mnVcUieNaG_3	RS_GCF_000759475.1	99.7	304	1	0	1	304	1	304	3.5e-169	602.8
AJJEZDuLCaG3mnVcUieNaG_4	RS_GCF_000773965.1	100.0	235	0	0	12	246	1	235	1.4e-128	467.6
HxdJZHxVRBorZx3AbAmqEw_1	RS_GCF_002095475.1	94.1	51	3	0	1	51	1	51	1.0e-17	97.1
HxdJZHxVRBorZx3AbAmqEw_2	RS_GCF_000759475.1	98.9	182	2	0	1	182	1	182	1.5e-106	394.0
HxdJZHxVRBorZx3AbAmqEw_3	RS_GCF_000773965.1	99.6	266	1	0	1	266	1	266	2.0e-136	493.8
HxdJZHxVRBorZx3AbAmqEw_4	RS_GCF_000759475.1	99.3	275	2	0	1	275	1	275	5.6e-158	565.5
HxdJZHxVRBorZx3AbAmqEw_5	RS_GCF_000759475.1	99.7	362	1	0	1	362	1	362	3.6e-205	722.6
HxdJZHxVRBorZx3AbAmqEw_6	RS_GCF_000773965.1	98.7	311	4	0	24	334	1	311	7.4e-181	641.7
RWA7Kjgn6SAUA8czCksauo_1	RS_GCF_000773965.1	94.6	652	35	0	1	652	31	682	0.0e+00	1268.8
RWA7Kjgn6SAUA8czCksauo_2	RS_GCF_000773965.1	100.0	192	0	0	1	192	1	192	3.2e-104	386.3
RWA7Kjgn6SAUA8czCksauo_3	RS_GCF_000759475.1	100.0	44	0	0	1	44	183	226	4.6e-14	84.7
KeriRrbaqUM44uyTgRL59u_1	RS_GCF_000759475.1	100.0	196	0	0	17	212	1	196	8.2e-101	375.2
KeriRrbaqUM44uyTgRL59u_2	RS_GCF_000773965.1	97.9	865	18	0	1	865	1	865	0.0e+00	1675.2
KeriRrbaqUM44uyTgRL59u_3	RS_GCF_000773965.1	96.8	63	2	0	1	63	1	63	1.3e-25	123.6
nSKJgTsFAPkshLLCz6zAfq_1	RS_GCF_002095475.1	99.3	460	3	0	1	460	74	533	1.7e-260	906.7
nSKJgTsFAPkshLLCz6zAfq_2	RS_GCF_002095475.1	100.0	316	0	0	1	316	1	316	4.0e-160	572.8
nSKJgTsFAPkshLLCz6zAfq_3	RS_GCF_002095475.1	97.7	88	2	0	1	88	1	88	2.0e-37	163.3
JvpNbeNnMM4pFY2LbuzZGH_1	RS_GCF_000759475.1	96.0	25	1	0	1	25	354	378	1.0e-05	56.2
JvpNbeNnMM4pFY2LbuzZGH_2	RS_GCF_000759475.1	99.2	374	3	0	1	374	1	374	4.8e-205	722.2
JvpNbeNnMM4pFY2LbuzZGH_3	RS_GCF_000773965.1	99.2	246	2	0	1	246	1	246	2.1e-132	480.3
JvpNbeNnMM4pFY2LbuzZGH_4	RS_GCF_000759475.1	99.8	632	1	0	1	632	1	632	0.0e+00	1251.9
ieiJ64noj75Mk7UzA3Ddu4_1	RS_GCF_000759475.1	98.9	760	8	0	1	760	556	1315	0.0e+00	1463.0
ieiJ64noj75Mk7UzA3Ddu4_2	RS_GCF_001038685.1	74.4	199	51	0	1	199	8	206	2.0e-80	307.4
HSVYWpjgmWLyo4WJbjWpC3_1	RS_GCF_000759475.1	100.0	26	0	0	1	26	1	26	8.8e-05	53.1
HSVYWpjgmWLyo4WJbjWpC3_2	RS_GCF_000759475.1	97.3	294	8	0	1	294	1	294	1.8e-159	570.5
HSVYWpjgmWLyo4WJbjWpC3_3	RS_GCF_000773965.1	85.4	519	76	0	1	519	41	559	4.9e-216	759.2
ho5uAbVGw8MFzFD7akCTJT_1	RS_GCF_002095465.1	99.5	208	1	0	1	208	179	386	7.5e-115	421.8
ho5uAbVGw8MFzFD7akCTJT_2	RS_GCF_000759475.1	99.6	684	3	0	1	684	1	684	0.0e+00	1361.7
ho5uAbVGw8MFzFD7akCTJT_3	RS_GCF_000759475.1	99.6	261	1	0	1	261	1	261	7.1e-147	528.5
ho5uAbVGw8MFzFD7akCTJT_4	RS_GCF_000759475.1	98.4	789	13	0	1	789	1	789	0.0e+00	1568.9
ho5uAbVGw8MFzFD7akCTJT_5	RS_GCF_000773965.1	95.8	481	20	0	1	481	1	481	3.6e-261	909.1
ho5uAbVGw8MFzFD7akCTJT_6	RS_GCF_000773965.1	99.0	292	3	0	1	292	152	443	1.3e-168	600.9
8U4bn5FAyhrn2sMTEvhPbP_1	RS_GCF_002095535.1	93.9	212	13	0	1	212	24	235	8.5e-106	391.7
8U4bn5FAyhrn2sMTEvhPbP_2	RS_GCF_000759475.1	99.7	672	2	0	1	672	1	672	0.0e+00	1291.9
A2daqrHnNh8BQbgButW7Eh_1	RS_GCF_000759475.1	100.0	170	0	0	1	170	1	170	6.8e-90	338.6
A2daqrHnNh8BQbgButW7Eh_2	RS_GCF_000759475.1	98.8	948	11	0	1	948	1	948	0.0e+00	1858.6
RbvZmbtEVm7ZSn6AnhkfAk_1	RS_GCF_000759475.1	99.2	368	3	0	1	368	1	368	3.4e-203	716.1
RbvZmbtEVm7ZSn6AnhkfAk_2	RS_GCF_000759475.1	100.0	150	0	0	1	150	1	150	9.0e-78	298.1
RbvZmbtEVm7ZSn6AnhkfAk_3	RS_GCF_000759475.1	100.0	146	0	0	1	146	1	146	6.3e-76	292.0
RbvZmbtEVm7ZSn6AnhkfAk_4	RS_GCF_000759475.1	99.1	112	1	0	1	112	1	112	3.7e-52	212.6
gpzbW6JyA37Vtsm6W9PZyG_1	RS_GCF_000759475.1	97.8	552	12	0	1	552	1	552	6.7e-304	1051.2
gpzbW6JyA37Vtsm6W9PZyG_2	RS_GCF_000759475.1	98.5	331	5	0	1	331	1	331	1.7e-185	657.1
d822Y9Z884jiHW3Kz3MVmU_1	RS_GCF_000759475.1	99.7	307	1	0	1	307	1	307	1.0e-168	601.3
d822Y9Z884jiHW3Kz3MVmU_2	RS_GCF_000759475.1	100.0	492	0	0	1	492	1	492	1.3e-279	970.3
d822Y9Z884jiHW3Kz3MVmU_3	GB_GCA_002434205.1	93.3	208	14	0	1	208	146	353	2.0e-104	387.1
jsppjMVGz5p5WppTVjEQWB_1	RS_GCF_000773965.1	100.0	192	0	0	4	195	1	192	3.3e-104	386.3
jsppjMVGz5p5WppTVjEQWB_2	RS_GCF_000759475.1	96.5	682	24	0	1	682	1	682	0.0e+00	1342.0
jsppjMVGz5p5WppTVjEQWB_3	RS_GCF_000759475.1	99.5	817	4	0	1	817	1	817	0.0e+00	1660.2
jsppjMVGz5p5WppTVjEQWB_4	RS_GCF_000759475.1	99.6	253	1	0	6	258	1	253	3.2e-139	503.1
fu5LNjGCMnshWmiGRNCBzD_1	RS_GCF_000773965.1	98.6	443	6	0	1	443	1	443	3.8e-233	815.8
fu5LNjGCMnshWmiGRNCBzD_2	RS_GCF_002095475.1	92.2	270	21	0	1	270	1	270	4.5e-136	492.7
fu5LNjGCMnshWmiGRNCBzD_3	RS_GCF_002095475.1	96.5	427	15	0	1	427	1	427	2.4e-240	839.7
fu5LNjGCMnshWmiGRNCBzD_4	RS_GCF_002095475.1	100.0	114	0	0	1	114	1	114	7.4e-56	224.9
aCsDu6wuiretEk6mSbSe9b_1	RS_GCF_001506165.1	99.5	222	1	0	1	222	105	326	3.1e-119	436.4
aCsDu6wuiretEk6mSbSe9b_2	RS_GCF_000773965.1	99.8	461	1	0	1	461	1	461	1.4e-254	887.1
aCsDu6wuiretEk6mSbSe9b_3	RS_GCF_000773965.1	100.0	199	0	0	1	199	1	199	8.8e-113	414.8
KhzseuMB3GQ6J4AHZLBkdY_1	RS_GCF_000759475.1	100.0	141	0	0	1	141	294	434	3.9e-75	289.3
KhzseuMB3GQ6J4AHZLBkdY_2	RS_GCF_000773965.1	97.2	357	10	0	1	357	1	357	1.5e-200	707.2
KhzseuMB3GQ6J4AHZLBkdY_3	RS_GCF_000773965.1	99.0	398	4	0	1	398	1	398	1.3e-211	744.2
KhzseuMB3GQ6J4AHZLBkdY_4	RS_GCF_000773965.1	99.3	282	2	0	1	282	208	489	2.3e-159	570.1
Dtrd5eihZ27DPSDkcmsMWV_1	RS_GCF_000759475.1	99.5	843	4	0	1	843	149	991	0.0e+00	1672.1
Dtrd5eihZ27DPSDkcmsMWV_2	RS_GCF_000759475.1	99.4	791	5	0	1	791	1	791	0.0e+00	1537.7
Dtrd5eihZ27DPSDkcmsMWV_3	RS_GCF_000759475.1	100.0	89	0	0	1	89	1	89	3.3e-43	182.6
Dtrd5eihZ27DPSDkcmsMWV_4	RS_GCF_000759475.1	97.2	145	4	0	1	145	1	145	2.3e-78	300.1
Dtrd5eihZ27DPSDkcmsMWV_5	RS_GCF_000773965.1	100.0	116	0	0	1	116	1	116	2.3e-60	240.0
Dtrd5eihZ27DPSDkcmsMWV_6	RS_GCF_000759475.1	99.7	385	1	0	1	385	1	385	8.2e-208	731.5
Dtrd5eihZ27DPSDkcmsMWV_7	RS_GCF_000465555.2	100.0	29	0	0	1	29	1	29	1.5e-05	55.8
DeVhkHJF4KJBXGSx4MvLWm_1	RS_GCF_000773965.1	99.0	515	5	0	1	515	18	532	2.2e-293	1016.1
DeVhkHJF4KJBXGSx4MvLWm_2	RS_GCF_000773965.1	100.0	337	0	0	1	337	1	337	8.8e-182	644.8
DeVhkHJF4KJBXGSx4MvLWm_3	RS_GCF_000175935.2	100.0	26	0	0	1	26	1	26	1.4e-07	62.4
AMNrw5BkrUUWYkBWziEMnF_1	RS_GCF_000759475.1	97.9	95	2	0	1	95	596	690	8.1e-40	171.4
AMNrw5BkrUUWYkBWziEMnF_2	RS_GCF_001187905.1	61.5	96	37	0	1	96	8	103	2.9e-29	136.3
AMNrw5BkrUUWYkBWziEMnF_3	RS_GCF_000773965.1	84.0	94	15	0	1	94	2	95	6.6e-34	151.8
AMNrw5BkrUUWYkBWziEMnF_4	RS_GCF_000759475.1	98.5	617	9	0	1	617	1	617	0.0e+00	1209.9
AMNrw5BkrUUWYkBWziEMnF_5	RS_GCF_000759475.1	97.6	460	11	0	1	460	1	460	5.7e-248	865.1
AMNrw5BkrUUWYkBWziEMnF_6	RS_GCF_000759475.1	99.5	204	1	0	1	204	1	204	6.0e-109	402.1
AMNrw5BkrUUWYkBWziEMnF_7	RS_GCF_000773965.1	100.0	309	0	0	1	309	1	309	1.1e-175	624.4
AMNrw5BkrUUWYkBWziEMnF_8	RS_GCF_002095535.1	97.2	214	6	0	2	215	1	214	1.7e-114	420.6
AMNrw5BkrUUWYkBWziEMnF_9	RS_GCF_002095535.1	100.0	117	0	0	1	117	184	300	6.4e-63	248.4
P9RnABsQzK7ypELjjH5stq_1	RS_GCF_000759475.1	100.0	287	0	0	1	287	1	287	2.7e-155	556.6
P9RnABsQzK7ypELjjH5stq_2	RS_GCF_000759475.1	99.1	228	2	0	1	228	1	228	3.9e-133	482.6
P9RnABsQzK7ypELjjH5stq_3	RS_GCF_000759475.1	99.4	313	2	0	1	313	1	313	2.6e-167	596.7
P9RnABsQzK7ypELjjH5stq_4	RS_GCF_000759475.1	100.0	328	0	0	1	328	1	328	2.9e-169	603.2
P9RnABsQzK7ypELjjH5stq_5	RS_GCF_000759475.1	99.0	502	5	0	1	502	1	502	7.3e-273	948.0
P9RnABsQzK7ypELjjH5stq_6	RS_GCF_000773965.1	98.4	862	14	0	1	862	1	862	0.0e+00	1595.9
P9RnABsQzK7ypELjjH5stq_7	RS_GCF_000773965.1	100.0	213	0	0	1	213	83	295	1.8e-108	400.6
amF9xg9gzxxgQ4wCpsW2Hc_1	RS_GCF_000773965.1	99.1	107	1	0	1	107	1	107	1.5e-50	207.2
amF9xg9gzxxgQ4wCpsW2Hc_2	RS_GCF_000773965.1	99.7	383	1	0	1	383	1	383	5.6e-209	735.3
amF9xg9gzxxgQ4wCpsW2Hc_3	RS_GCF_000759475.1	98.4	384	6	0	1	384	1	384	2.1e-203	716.8
cZKGhcVaLY6MJMxCc2w6xu_1	RS_GCF_000773965.1	98.4	62	1	0	1	62	1	62	5.6e-26	124.8
cZKGhcVaLY6MJMxCc2w6xu_2	RS_GCF_000759475.1	99.6	237	1	0	1	237	1	237	8.5e-139	501.5
cZKGhcVaLY6MJMxCc2w6xu_3	RS_GCF_000759475.1	99.3	426	3	0	1	426	1	426	9.0e-248	864.4
cZKGhcVaLY6MJMxCc2w6xu_4	RS_GCF_000773965.1	100.0	174	0	0	1	174	316	489	2.4e-90	340.1
